[0.013s] Invoking command in '/home/cbm/Documents/rover/ros_ws/build/vision': CMAKE_PREFIX_PATH=${CMAKE_PREFIX_PATH}:/opt/ros/jazzy /usr/bin/cmake /home/cbm/Documents/rover/ros_ws/src/vision -DCMAKE_INSTALL_PREFIX=/home/cbm/Documents/rover/ros_ws/install/vision
[0.092s] -- The C compiler identification is GNU 13.3.0
[0.172s] -- The CXX compiler identification is GNU 13.3.0
[0.195s] -- Detecting C compiler ABI info
[0.309s] -- Detecting C compiler ABI info - done
[0.324s] -- Check for working C compiler: /usr/bin/cc - skipped
[0.324s] -- Detecting C compile features
[0.325s] -- Detecting C compile features - done
[0.338s] -- Detecting CXX compiler ABI info
[0.466s] -- Detecting CXX compiler ABI info - done
[0.481s] -- Check for working CXX compiler: /usr/bin/c++ - skipped
[0.482s] -- Detecting CXX compile features
[0.482s] -- Detecting CXX compile features - done
[0.485s] -- Found ament_cmake: 2.5.6 (/opt/ros/jazzy/share/ament_cmake/cmake)
[0.691s] -- Found Python3: /usr/bin/python3 (found version "3.12.3") found components: Interpreter 
[0.860s] -- Found rclcpp: 28.1.18 (/opt/ros/jazzy/share/rclcpp/cmake)
[0.928s] -- Found rosidl_generator_c: 4.6.7 (/opt/ros/jazzy/share/rosidl_generator_c/cmake)
[0.948s] -- Found rosidl_generator_cpp: 4.6.7 (/opt/ros/jazzy/share/rosidl_generator_cpp/cmake)
[0.972s] -- Using all available rosidl_typesupport_c: rosidl_typesupport_fastrtps_c;rosidl_typesupport_introspection_c
[1.000s] -- Using all available rosidl_typesupport_cpp: rosidl_typesupport_fastrtps_cpp;rosidl_typesupport_introspection_cpp
[1.117s] -- Found rmw_implementation_cmake: 7.3.3 (/opt/ros/jazzy/share/rmw_implementation_cmake/cmake)
[1.120s] -- Found rmw_fastrtps_cpp: 8.4.3 (/opt/ros/jazzy/share/rmw_fastrtps_cpp/cmake)
[1.231s] -- Found OpenSSL: /usr/lib/x86_64-linux-gnu/libcrypto.so (found version "3.0.13")  
[1.258s] -- Found FastRTPS: /opt/ros/jazzy/include (Required is at least version "2.13") 
[1.292s] -- Using RMW implementation 'rmw_fastrtps_cpp' as default
[1.402s] -- Found sensor_msgs: 5.3.7 (/opt/ros/jazzy/share/sensor_msgs/cmake)
[1.496s] -- Found cv_bridge: 4.1.0 (/opt/ros/jazzy/share/cv_bridge/cmake)
[1.517s] -- Found image_transport: 5.1.7 (/opt/ros/jazzy/share/image_transport/cmake)
[1.547s] -- Found tf2_ros: 0.36.20 (/opt/ros/jazzy/share/tf2_ros/cmake)
[1.719s] -- Found tf2_geometry_msgs: 0.36.20 (/opt/ros/jazzy/share/tf2_geometry_msgs/cmake)
[1.736s] -- Found eigen3_cmake_module: 0.3.0 (/opt/ros/jazzy/share/eigen3_cmake_module/cmake)
[1.738s] -- Found Eigen3: TRUE (found version "3.4.0") 
[1.738s] -- Ensuring Eigen3 include directory is part of orocos-kdl CMake target
[1.747s] -- Found OpenCV: /usr (found version "4.6.0") 
[1.885s] -- Configuring done (1.9s)
[1.913s] -- Generating done (0.0s)
[1.920s] -- Build files have been written to: /home/cbm/Documents/rover/ros_ws/build/vision
[1.937s] Invoked command in '/home/cbm/Documents/rover/ros_ws/build/vision' returned '0': CMAKE_PREFIX_PATH=${CMAKE_PREFIX_PATH}:/opt/ros/jazzy /usr/bin/cmake /home/cbm/Documents/rover/ros_ws/src/vision -DCMAKE_INSTALL_PREFIX=/home/cbm/Documents/rover/ros_ws/install/vision
[1.939s] Invoking command in '/home/cbm/Documents/rover/ros_ws/build/vision': CMAKE_PREFIX_PATH=${CMAKE_PREFIX_PATH}:/opt/ros/jazzy /usr/bin/cmake --build /home/cbm/Documents/rover/ros_ws/build/vision -- -j8 -l8
[2.010s] [ 50%] [32mBuilding CXX object CMakeFiles/aruco.dir/src/aruco_node.cpp.o[0m
[25.729s] [100%] [32m[1mLinking CXX executable aruco[0m
[27.332s] [100%] Built target aruco
[27.350s] Invoked command in '/home/cbm/Documents/rover/ros_ws/build/vision' returned '0': CMAKE_PREFIX_PATH=${CMAKE_PREFIX_PATH}:/opt/ros/jazzy /usr/bin/cmake --build /home/cbm/Documents/rover/ros_ws/build/vision -- -j8 -l8
[27.366s] Invoking command in '/home/cbm/Documents/rover/ros_ws/build/vision': CMAKE_PREFIX_PATH=${CMAKE_PREFIX_PATH}:/opt/ros/jazzy /usr/bin/cmake --install /home/cbm/Documents/rover/ros_ws/build/vision
[27.378s] -- Install configuration: ""
[27.378s] -- Installing: /home/cbm/Documents/rover/ros_ws/install/vision/lib/vision/aruco
[27.389s] -- Set non-toolchain portion of runtime path of "/home/cbm/Documents/rover/ros_ws/install/vision/lib/vision/aruco" to ""
[27.389s] -- Installing: /home/cbm/Documents/rover/ros_ws/install/vision/share/vision/config
[27.390s] -- Installing: /home/cbm/Documents/rover/ros_ws/install/vision/share/vision/config/charuco_params.yaml
[27.390s] -- Installing: /home/cbm/Documents/rover/ros_ws/install/vision/share/ament_index/resource_index/package_run_dependencies/vision
[27.390s] -- Installing: /home/cbm/Documents/rover/ros_ws/install/vision/share/ament_index/resource_index/parent_prefix_path/vision
[27.390s] -- Installing: /home/cbm/Documents/rover/ros_ws/install/vision/share/vision/environment/ament_prefix_path.sh
[27.390s] -- Installing: /home/cbm/Documents/rover/ros_ws/install/vision/share/vision/environment/ament_prefix_path.dsv
[27.391s] -- Installing: /home/cbm/Documents/rover/ros_ws/install/vision/share/vision/environment/path.sh
[27.391s] -- Installing: /home/cbm/Documents/rover/ros_ws/install/vision/share/vision/environment/path.dsv
[27.391s] -- Installing: /home/cbm/Documents/rover/ros_ws/install/vision/share/vision/local_setup.bash
[27.391s] -- Installing: /home/cbm/Documents/rover/ros_ws/install/vision/share/vision/local_setup.sh
[27.391s] -- Installing: /home/cbm/Documents/rover/ros_ws/install/vision/share/vision/local_setup.zsh
[27.391s] -- Installing: /home/cbm/Documents/rover/ros_ws/install/vision/share/vision/local_setup.dsv
[27.392s] -- Installing: /home/cbm/Documents/rover/ros_ws/install/vision/share/vision/package.dsv
[27.392s] -- Installing: /home/cbm/Documents/rover/ros_ws/install/vision/share/ament_index/resource_index/packages/vision
[27.392s] -- Installing: /home/cbm/Documents/rover/ros_ws/install/vision/share/vision/cmake/visionConfig.cmake
[27.392s] -- Installing: /home/cbm/Documents/rover/ros_ws/install/vision/share/vision/cmake/visionConfig-version.cmake
[27.392s] -- Installing: /home/cbm/Documents/rover/ros_ws/install/vision/share/vision/package.xml
[27.396s] Invoked command in '/home/cbm/Documents/rover/ros_ws/build/vision' returned '0': CMAKE_PREFIX_PATH=${CMAKE_PREFIX_PATH}:/opt/ros/jazzy /usr/bin/cmake --install /home/cbm/Documents/rover/ros_ws/build/vision
