[0.017s] Invoking command in '/home/cbm/Documents/rover/ros_ws/build/vision': DEBUGINFOD_URLS=https://debuginfod.ubuntu.com /usr/bin/cmake /home/cbm/Documents/rover/ros_ws/src/vision -DCMAKE_INSTALL_PREFIX=/home/cbm/Documents/rover/ros_ws/install/vision
[0.103s] -- The C compiler identification is GNU 15.2.0
[0.212s] -- The CXX compiler identification is GNU 15.2.0
[0.229s] -- Detecting C compiler ABI info
[0.340s] -- Detecting C compiler ABI info - done
[0.365s] -- Check for working C compiler: /usr/bin/cc - skipped
[0.366s] -- Detecting C compile features
[0.366s] -- Detecting C compile features - done
[0.383s] -- Detecting CXX compiler ABI info
[0.509s] -- Detecting CXX compiler ABI info - done
[0.535s] -- Check for working CXX compiler: /usr/bin/c++ - skipped
[0.536s] -- Detecting CXX compile features
[0.537s] -- Detecting CXX compile features - done
[0.549s] -- Found ament_cmake: 2.8.7 (/opt/ros/lyrical/share/ament_cmake/cmake)
[0.984s] -- Found rclcpp: 32.0.0 (/opt/ros/lyrical/share/rclcpp/cmake)
[1.043s] -- Found rosidl_generator_c: 5.2.0 (/opt/ros/lyrical/share/rosidl_generator_c/cmake)
[1.054s] -- Found rosidl_generator_cpp: 5.2.0 (/opt/ros/lyrical/share/rosidl_generator_cpp/cmake)
[1.072s] -- Using all available rosidl_typesupport_c: rosidl_typesupport_fastrtps_c;rosidl_typesupport_introspection_c
[1.088s] -- Using all available rosidl_typesupport_cpp: rosidl_typesupport_fastrtps_cpp;rosidl_typesupport_introspection_cpp
[1.179s] -- Found rmw_implementation_cmake: 7.10.1 (/opt/ros/lyrical/share/rmw_implementation_cmake/cmake)
[1.182s] -- Found rmw_fastrtps_cpp: 9.4.8 (/opt/ros/lyrical/share/rmw_fastrtps_cpp/cmake)
[1.224s] -- Using RMW implementation 'rmw_fastrtps_cpp' as default
[1.323s] -- Found sensor_msgs: 5.9.2 (/opt/ros/lyrical/share/sensor_msgs/cmake)
[1.403s] -- Found cv_bridge: 4.1.0 (/opt/ros/lyrical/share/cv_bridge/cmake)
[1.422s] -- Found image_transport: 6.4.8 (/opt/ros/lyrical/share/image_transport/cmake)
[1.450s] -- Found tf2_ros: 0.45.7 (/opt/ros/lyrical/share/tf2_ros/cmake)
[1.601s] -- Found tf2_geometry_msgs: 0.45.7 (/opt/ros/lyrical/share/tf2_geometry_msgs/cmake)
[1.622s] -- Found OpenCV: /usr (found version "4.10.0")
[1.624s] -- Found ament_lint_auto: 0.20.6 (/opt/ros/lyrical/share/ament_lint_auto/cmake)
[1.778s] -- Added test 'cppcheck' to perform static code analysis on C / C++ code
[1.779s] -- Configured cppcheck include dirs: $<BUILD_INTERFACE:/home/cbm/Documents/rover/ros_ws/src/vision/include>
[1.779s] -- Configured cppcheck exclude dirs and/or files: 
[1.780s] -- Added test 'lint_cmake' to check CMake code style
[1.781s] -- Added test 'uncrustify' to check C / C++ code style
[1.781s] -- Configured uncrustify additional arguments: 
[1.782s] -- Added test 'xmllint' to check XML markup files
[1.784s] -- Configuring done (1.8s)
[1.795s] -- Generating done (0.0s)
[1.863s] -- Build files have been written to: /home/cbm/Documents/rover/ros_ws/build/vision
[1.877s] Invoked command in '/home/cbm/Documents/rover/ros_ws/build/vision' returned '0': DEBUGINFOD_URLS=https://debuginfod.ubuntu.com /usr/bin/cmake /home/cbm/Documents/rover/ros_ws/src/vision -DCMAKE_INSTALL_PREFIX=/home/cbm/Documents/rover/ros_ws/install/vision
[1.881s] Invoking command in '/home/cbm/Documents/rover/ros_ws/build/vision': DEBUGINFOD_URLS=https://debuginfod.ubuntu.com /usr/bin/cmake --build /home/cbm/Documents/rover/ros_ws/build/vision -- -j8 -l8
[1.956s] [ 50%] [32mBuilding CXX object CMakeFiles/aruco.dir/src/aruco.cpp.o[0m
[1.969s] In file included from [01m[K/home/cbm/Documents/rover/ros_ws/src/vision/src/aruco.cpp:1[m[K:
[1.969s] [01m[K/home/cbm/Documents/rover/ros_ws/src/vision/include/vision/aruco_node.hpp:3:10:[m[K [01;31m[Kfatal error: [m[Krclcpp/rclcpp.hpp: No such file or directory
[1.969s]     3 | #include [01;31m[K<rclcpp/rclcpp.hpp>[m[K
[1.969s]       |          [01;31m[K^~~~~~~~~~~~~~~~~~~[m[K
[1.969s] compilation terminated.
[1.970s] gmake[2]: *** [CMakeFiles/aruco.dir/build.make:79: CMakeFiles/aruco.dir/src/aruco.cpp.o] Error 1
[1.970s] gmake[1]: *** [CMakeFiles/Makefile2:153: CMakeFiles/aruco.dir/all] Error 2
[1.970s] gmake: *** [Makefile:146: all] Error 2
[1.974s] Invoked command in '/home/cbm/Documents/rover/ros_ws/build/vision' returned '2': DEBUGINFOD_URLS=https://debuginfod.ubuntu.com /usr/bin/cmake --build /home/cbm/Documents/rover/ros_ws/build/vision -- -j8 -l8
