[0.168s] DEBUG:colcon:Command line arguments: ['/usr/bin/colcon', 'build']
[0.168s] DEBUG:colcon:Parsed command line arguments: Namespace(log_base=None, log_level=None, verb_name='build', build_base='build', install_base='install', merge_install=False, symlink_install=False, test_result_base=None, continue_on_error=False, executor='parallel', parallel_workers=8, event_handlers=None, ignore_user_meta=False, metas=['./colcon.meta'], base_paths=['.'], packages_ignore=None, packages_ignore_regex=None, paths=None, packages_up_to=None, packages_up_to_regex=None, packages_above=None, packages_above_and_dependencies=None, packages_above_depth=None, packages_select_by_dep=None, packages_skip_by_dep=None, packages_skip_up_to=None, packages_select_build_failed=False, packages_skip_build_finished=False, packages_select_test_failures=False, packages_skip_test_passed=False, packages_select=None, packages_skip=None, packages_select_regex=None, packages_skip_regex=None, packages_start=None, packages_end=None, allow_overriding=[], cmake_args=None, cmake_target=None, cmake_target_skip_unavailable=False, cmake_clean_cache=False, cmake_clean_first=False, cmake_force_configure=False, ament_cmake_args=None, catkin_cmake_args=None, catkin_skip_building_tests=False, mixin_files=None, mixin=None, verb_parser=<colcon_mixin.mixin.mixin_argument.MixinArgumentDecorator object at 0x7b9a2666bb60>, verb_extension=<colcon_core.verb.build.BuildVerb object at 0x7b9a2678fbc0>, main=<bound method BuildVerb.main of <colcon_core.verb.build.BuildVerb object at 0x7b9a2678fbc0>>, mixin_verb=('build',))
[0.222s] Level 1:colcon.colcon_core.package_discovery:discover_packages(colcon_meta) check parameters
[0.222s] Level 1:colcon.colcon_core.package_discovery:discover_packages(recursive) check parameters
[0.222s] Level 1:colcon.colcon_core.package_discovery:discover_packages(ignore) check parameters
[0.223s] Level 1:colcon.colcon_core.package_discovery:discover_packages(path) check parameters
[0.223s] Level 1:colcon.colcon_core.package_discovery:discover_packages(colcon_meta) discover
[0.223s] Level 1:colcon.colcon_core.package_discovery:discover_packages(recursive) discover
[0.223s] INFO:colcon.colcon_core.package_discovery:Crawling recursively for packages in '/home/cbm/Documents/rover/ros_ws'
[0.223s] Level 1:colcon.colcon_core.package_identification:_identify(.) by extensions ['ignore', 'ignore_ament_install']
[0.223s] Level 1:colcon.colcon_core.package_identification:_identify(.) by extension 'ignore'
[0.223s] Level 1:colcon.colcon_core.package_identification:_identify(.) by extension 'ignore_ament_install'
[0.223s] Level 1:colcon.colcon_core.package_identification:_identify(.) by extensions ['colcon_pkg']
[0.223s] Level 1:colcon.colcon_core.package_identification:_identify(.) by extension 'colcon_pkg'
[0.223s] Level 1:colcon.colcon_core.package_identification:_identify(.) by extensions ['colcon_meta']
[0.223s] Level 1:colcon.colcon_core.package_identification:_identify(.) by extension 'colcon_meta'
[0.223s] Level 1:colcon.colcon_core.package_identification:_identify(.) by extensions ['ros']
[0.223s] Level 1:colcon.colcon_core.package_identification:_identify(.) by extension 'ros'
[0.259s] Level 1:colcon.colcon_core.package_identification:_identify(.) by extensions ['cmake', 'python']
[0.259s] Level 1:colcon.colcon_core.package_identification:_identify(.) by extension 'cmake'
[0.259s] Level 1:colcon.colcon_core.package_identification:_identify(.) by extension 'python'
[0.259s] Level 1:colcon.colcon_core.package_identification:_identify(.) by extensions ['python_setup_py']
[0.259s] Level 1:colcon.colcon_core.package_identification:_identify(.) by extension 'python_setup_py'
[0.259s] Level 1:colcon.colcon_core.package_identification:_identify(build) by extensions ['ignore', 'ignore_ament_install']
[0.259s] Level 1:colcon.colcon_core.package_identification:_identify(build) by extension 'ignore'
[0.259s] Level 1:colcon.colcon_core.package_identification:_identify(build) ignored
[0.259s] Level 1:colcon.colcon_core.package_identification:_identify(install) by extensions ['ignore', 'ignore_ament_install']
[0.259s] Level 1:colcon.colcon_core.package_identification:_identify(install) by extension 'ignore'
[0.260s] Level 1:colcon.colcon_core.package_identification:_identify(install) ignored
[0.260s] Level 1:colcon.colcon_core.package_identification:_identify(log) by extensions ['ignore', 'ignore_ament_install']
[0.260s] Level 1:colcon.colcon_core.package_identification:_identify(log) by extension 'ignore'
[0.260s] Level 1:colcon.colcon_core.package_identification:_identify(log) ignored
[0.260s] Level 1:colcon.colcon_core.package_identification:_identify(src) by extensions ['ignore', 'ignore_ament_install']
[0.260s] Level 1:colcon.colcon_core.package_identification:_identify(src) by extension 'ignore'
[0.260s] Level 1:colcon.colcon_core.package_identification:_identify(src) by extension 'ignore_ament_install'
[0.260s] Level 1:colcon.colcon_core.package_identification:_identify(src) by extensions ['colcon_pkg']
[0.260s] Level 1:colcon.colcon_core.package_identification:_identify(src) by extension 'colcon_pkg'
[0.260s] Level 1:colcon.colcon_core.package_identification:_identify(src) by extensions ['colcon_meta']
[0.260s] Level 1:colcon.colcon_core.package_identification:_identify(src) by extension 'colcon_meta'
[0.260s] Level 1:colcon.colcon_core.package_identification:_identify(src) by extensions ['ros']
[0.260s] Level 1:colcon.colcon_core.package_identification:_identify(src) by extension 'ros'
[0.261s] Level 1:colcon.colcon_core.package_identification:_identify(src) by extensions ['cmake', 'python']
[0.261s] Level 1:colcon.colcon_core.package_identification:_identify(src) by extension 'cmake'
[0.261s] Level 1:colcon.colcon_core.package_identification:_identify(src) by extension 'python'
[0.261s] Level 1:colcon.colcon_core.package_identification:_identify(src) by extensions ['python_setup_py']
[0.261s] Level 1:colcon.colcon_core.package_identification:_identify(src) by extension 'python_setup_py'
[0.261s] Level 1:colcon.colcon_core.package_identification:_identify(src/vision) by extensions ['ignore', 'ignore_ament_install']
[0.261s] Level 1:colcon.colcon_core.package_identification:_identify(src/vision) by extension 'ignore'
[0.261s] Level 1:colcon.colcon_core.package_identification:_identify(src/vision) by extension 'ignore_ament_install'
[0.261s] Level 1:colcon.colcon_core.package_identification:_identify(src/vision) by extensions ['colcon_pkg']
[0.261s] Level 1:colcon.colcon_core.package_identification:_identify(src/vision) by extension 'colcon_pkg'
[0.261s] Level 1:colcon.colcon_core.package_identification:_identify(src/vision) by extensions ['colcon_meta']
[0.261s] Level 1:colcon.colcon_core.package_identification:_identify(src/vision) by extension 'colcon_meta'
[0.261s] Level 1:colcon.colcon_core.package_identification:_identify(src/vision) by extensions ['ros']
[0.262s] Level 1:colcon.colcon_core.package_identification:_identify(src/vision) by extension 'ros'
[0.266s] DEBUG:colcon.colcon_core.package_identification:Package 'src/vision' with type 'ros.ament_cmake' and name 'vision'
[0.266s] Level 1:colcon.colcon_core.package_discovery:discover_packages(recursive) using defaults
[0.266s] Level 1:colcon.colcon_core.package_discovery:discover_packages(ignore) discover
[0.266s] Level 1:colcon.colcon_core.package_discovery:discover_packages(ignore) using defaults
[0.266s] Level 1:colcon.colcon_core.package_discovery:discover_packages(path) discover
[0.266s] Level 1:colcon.colcon_core.package_discovery:discover_packages(path) using defaults
[0.289s] Level 1:colcon.colcon_core.package_discovery:discover_packages(prefix_path) check parameters
[0.289s] Level 1:colcon.colcon_core.package_discovery:discover_packages(prefix_path) discover
[0.290s] WARNING:colcon.colcon_ros.prefix_path.ament:The path '/home/cbm/Documents/rover/ros_ws/install/vision' in the environment variable AMENT_PREFIX_PATH doesn't exist
[0.290s] WARNING:colcon.colcon_ros.prefix_path.catkin:The path '/home/cbm/Documents/rover/ros_ws/install/vision' in the environment variable CMAKE_PREFIX_PATH doesn't exist
[0.291s] DEBUG:colcon.colcon_installed_package_information.package_discovery:Found 0 installed packages in /home/cbm/Documents/rover/ros_ws/install
[0.294s] DEBUG:colcon.colcon_installed_package_information.package_discovery:Found 287 installed packages in /opt/ros/jazzy
[0.296s] Level 1:colcon.colcon_core.package_discovery:discover_packages(prefix_path) using defaults
[0.365s] Level 5:colcon.colcon_core.verb:set package 'vision' build argument 'cmake_args' from command line to 'None'
[0.365s] Level 5:colcon.colcon_core.verb:set package 'vision' build argument 'cmake_target' from command line to 'None'
[0.365s] Level 5:colcon.colcon_core.verb:set package 'vision' build argument 'cmake_target_skip_unavailable' from command line to 'False'
[0.365s] Level 5:colcon.colcon_core.verb:set package 'vision' build argument 'cmake_clean_cache' from command line to 'False'
[0.365s] Level 5:colcon.colcon_core.verb:set package 'vision' build argument 'cmake_clean_first' from command line to 'False'
[0.365s] Level 5:colcon.colcon_core.verb:set package 'vision' build argument 'cmake_force_configure' from command line to 'False'
[0.365s] Level 5:colcon.colcon_core.verb:set package 'vision' build argument 'ament_cmake_args' from command line to 'None'
[0.365s] Level 5:colcon.colcon_core.verb:set package 'vision' build argument 'catkin_cmake_args' from command line to 'None'
[0.365s] Level 5:colcon.colcon_core.verb:set package 'vision' build argument 'catkin_skip_building_tests' from command line to 'False'
[0.365s] DEBUG:colcon.colcon_core.verb:Building package 'vision' with the following arguments: {'ament_cmake_args': None, 'build_base': '/home/cbm/Documents/rover/ros_ws/build/vision', 'catkin_cmake_args': None, 'catkin_skip_building_tests': False, 'cmake_args': None, 'cmake_clean_cache': False, 'cmake_clean_first': False, 'cmake_force_configure': False, 'cmake_target': None, 'cmake_target_skip_unavailable': False, 'install_base': '/home/cbm/Documents/rover/ros_ws/install/vision', 'merge_install': False, 'path': '/home/cbm/Documents/rover/ros_ws/src/vision', 'symlink_install': False, 'test_result_base': None}
[0.365s] INFO:colcon.colcon_core.executor:Executing jobs using 'parallel' executor
[0.367s] DEBUG:colcon.colcon_parallel_executor.executor.parallel:run_until_complete
[0.367s] INFO:colcon.colcon_ros.task.ament_cmake.build:Building ROS package in '/home/cbm/Documents/rover/ros_ws/src/vision' with build type 'ament_cmake'
[0.368s] INFO:colcon.colcon_cmake.task.cmake.build:Building CMake package in '/home/cbm/Documents/rover/ros_ws/src/vision'
[0.370s] INFO:colcon.colcon_core.plugin_system:Skipping extension 'colcon_core.shell.bat': Not used on non-Windows systems
[0.371s] INFO:colcon.colcon_core.shell:Skip shell extension 'powershell' for command environment: Not usable outside of PowerShell
[0.371s] DEBUG:colcon.colcon_core.shell:Skip shell extension 'dsv' for command environment
[0.381s] DEBUG:colcon.colcon_core.event_handler.log_command:Invoking command in '/home/cbm/Documents/rover/ros_ws/build/vision': CMAKE_PREFIX_PATH=${CMAKE_PREFIX_PATH}:/opt/ros/jazzy /usr/bin/cmake /home/cbm/Documents/rover/ros_ws/src/vision -DCMAKE_INSTALL_PREFIX=/home/cbm/Documents/rover/ros_ws/install/vision
[2.305s] DEBUG:colcon.colcon_core.event_handler.log_command:Invoked command in '/home/cbm/Documents/rover/ros_ws/build/vision' returned '0': CMAKE_PREFIX_PATH=${CMAKE_PREFIX_PATH}:/opt/ros/jazzy /usr/bin/cmake /home/cbm/Documents/rover/ros_ws/src/vision -DCMAKE_INSTALL_PREFIX=/home/cbm/Documents/rover/ros_ws/install/vision
[2.307s] DEBUG:colcon.colcon_core.event_handler.log_command:Invoking command in '/home/cbm/Documents/rover/ros_ws/build/vision': CMAKE_PREFIX_PATH=${CMAKE_PREFIX_PATH}:/opt/ros/jazzy /usr/bin/cmake --build /home/cbm/Documents/rover/ros_ws/build/vision -- -j8 -l8
[27.717s] DEBUG:colcon.colcon_core.event_handler.log_command:Invoked command in '/home/cbm/Documents/rover/ros_ws/build/vision' returned '0': CMAKE_PREFIX_PATH=${CMAKE_PREFIX_PATH}:/opt/ros/jazzy /usr/bin/cmake --build /home/cbm/Documents/rover/ros_ws/build/vision -- -j8 -l8
[27.734s] DEBUG:colcon.colcon_core.event_handler.log_command:Invoking command in '/home/cbm/Documents/rover/ros_ws/build/vision': CMAKE_PREFIX_PATH=${CMAKE_PREFIX_PATH}:/opt/ros/jazzy /usr/bin/cmake --install /home/cbm/Documents/rover/ros_ws/build/vision
[27.762s] Level 1:colcon.colcon_core.environment:create_environment_scripts_only(vision)
[27.764s] DEBUG:colcon.colcon_core.event_handler.log_command:Invoked command in '/home/cbm/Documents/rover/ros_ws/build/vision' returned '0': CMAKE_PREFIX_PATH=${CMAKE_PREFIX_PATH}:/opt/ros/jazzy /usr/bin/cmake --install /home/cbm/Documents/rover/ros_ws/build/vision
[27.771s] Level 1:colcon.colcon_core.environment:checking '/home/cbm/Documents/rover/ros_ws/install/vision' for CMake module files
[27.773s] Level 1:colcon.colcon_core.environment:checking '/home/cbm/Documents/rover/ros_ws/install/vision' for CMake config files
[27.774s] Level 1:colcon.colcon_core.shell:create_environment_hook('vision', 'cmake_prefix_path')
[27.775s] INFO:colcon.colcon_core.shell:Creating environment hook '/home/cbm/Documents/rover/ros_ws/install/vision/share/vision/hook/cmake_prefix_path.ps1'
[27.776s] INFO:colcon.colcon_core.shell:Creating environment descriptor '/home/cbm/Documents/rover/ros_ws/install/vision/share/vision/hook/cmake_prefix_path.dsv'
[27.778s] INFO:colcon.colcon_core.shell:Creating environment hook '/home/cbm/Documents/rover/ros_ws/install/vision/share/vision/hook/cmake_prefix_path.sh'
[27.781s] Level 1:colcon.colcon_core.environment:checking '/home/cbm/Documents/rover/ros_ws/install/vision/lib'
[27.781s] Level 1:colcon.colcon_core.environment:checking '/home/cbm/Documents/rover/ros_ws/install/vision/bin'
[27.781s] Level 1:colcon.colcon_core.environment:checking '/home/cbm/Documents/rover/ros_ws/install/vision/lib/pkgconfig/vision.pc'
[27.782s] Level 1:colcon.colcon_core.environment:checking '/home/cbm/Documents/rover/ros_ws/install/vision/lib/python3.12/site-packages'
[27.784s] Level 1:colcon.colcon_core.environment:checking '/home/cbm/Documents/rover/ros_ws/install/vision/bin'
[27.784s] INFO:colcon.colcon_core.shell:Creating package script '/home/cbm/Documents/rover/ros_ws/install/vision/share/vision/package.ps1'
[27.789s] INFO:colcon.colcon_core.shell:Creating package descriptor '/home/cbm/Documents/rover/ros_ws/install/vision/share/vision/package.dsv'
[27.790s] INFO:colcon.colcon_core.shell:Creating package script '/home/cbm/Documents/rover/ros_ws/install/vision/share/vision/package.sh'
[27.792s] INFO:colcon.colcon_core.shell:Creating package script '/home/cbm/Documents/rover/ros_ws/install/vision/share/vision/package.bash'
[27.794s] INFO:colcon.colcon_core.shell:Creating package script '/home/cbm/Documents/rover/ros_ws/install/vision/share/vision/package.zsh'
[27.796s] Level 1:colcon.colcon_core.environment:create_file_with_runtime_dependencies(/home/cbm/Documents/rover/ros_ws/install/vision/share/colcon-core/packages/vision)
[27.798s] Level 1:colcon.colcon_core.environment:create_environment_scripts_only(vision)
[27.799s] Level 1:colcon.colcon_core.environment:checking '/home/cbm/Documents/rover/ros_ws/install/vision' for CMake module files
[27.801s] Level 1:colcon.colcon_core.environment:checking '/home/cbm/Documents/rover/ros_ws/install/vision' for CMake config files
[27.802s] Level 1:colcon.colcon_core.shell:create_environment_hook('vision', 'cmake_prefix_path')
[27.802s] INFO:colcon.colcon_core.shell:Creating environment hook '/home/cbm/Documents/rover/ros_ws/install/vision/share/vision/hook/cmake_prefix_path.ps1'
[27.804s] INFO:colcon.colcon_core.shell:Creating environment descriptor '/home/cbm/Documents/rover/ros_ws/install/vision/share/vision/hook/cmake_prefix_path.dsv'
[27.805s] INFO:colcon.colcon_core.shell:Creating environment hook '/home/cbm/Documents/rover/ros_ws/install/vision/share/vision/hook/cmake_prefix_path.sh'
[27.807s] Level 1:colcon.colcon_core.environment:checking '/home/cbm/Documents/rover/ros_ws/install/vision/lib'
[27.807s] Level 1:colcon.colcon_core.environment:checking '/home/cbm/Documents/rover/ros_ws/install/vision/bin'
[27.807s] Level 1:colcon.colcon_core.environment:checking '/home/cbm/Documents/rover/ros_ws/install/vision/lib/pkgconfig/vision.pc'
[27.808s] Level 1:colcon.colcon_core.environment:checking '/home/cbm/Documents/rover/ros_ws/install/vision/lib/python3.12/site-packages'
[27.809s] Level 1:colcon.colcon_core.environment:checking '/home/cbm/Documents/rover/ros_ws/install/vision/bin'
[27.809s] INFO:colcon.colcon_core.shell:Creating package script '/home/cbm/Documents/rover/ros_ws/install/vision/share/vision/package.ps1'
[27.811s] INFO:colcon.colcon_core.shell:Creating package descriptor '/home/cbm/Documents/rover/ros_ws/install/vision/share/vision/package.dsv'
[27.813s] INFO:colcon.colcon_core.shell:Creating package script '/home/cbm/Documents/rover/ros_ws/install/vision/share/vision/package.sh'
[27.814s] INFO:colcon.colcon_core.shell:Creating package script '/home/cbm/Documents/rover/ros_ws/install/vision/share/vision/package.bash'
[27.815s] INFO:colcon.colcon_core.shell:Creating package script '/home/cbm/Documents/rover/ros_ws/install/vision/share/vision/package.zsh'
[27.816s] Level 1:colcon.colcon_core.environment:create_file_with_runtime_dependencies(/home/cbm/Documents/rover/ros_ws/install/vision/share/colcon-core/packages/vision)
[27.817s] DEBUG:colcon.colcon_parallel_executor.executor.parallel:closing loop
[27.818s] DEBUG:colcon.colcon_parallel_executor.executor.parallel:loop closed
[27.818s] DEBUG:colcon.colcon_parallel_executor.executor.parallel:run_until_complete finished with '0'
[27.818s] DEBUG:colcon.colcon_core.event_reactor:joining thread
[27.834s] INFO:colcon.colcon_core.plugin_system:Skipping extension 'colcon_notification.desktop_notification.terminal_notifier': Not used on non-Darwin systems
[27.835s] INFO:colcon.colcon_core.plugin_system:Skipping extension 'colcon_notification.desktop_notification.win32': Not used on non-Windows systems
[27.835s] INFO:colcon.colcon_notification.desktop_notification:Sending desktop notification using 'notify2'
[27.883s] DEBUG:colcon.colcon_core.event_reactor:joined thread
[27.884s] INFO:colcon.colcon_core.shell:Creating prefix script '/home/cbm/Documents/rover/ros_ws/install/local_setup.ps1'
[27.886s] INFO:colcon.colcon_core.shell:Creating prefix util module '/home/cbm/Documents/rover/ros_ws/install/_local_setup_util_ps1.py'
[27.889s] INFO:colcon.colcon_core.shell:Creating prefix chain script '/home/cbm/Documents/rover/ros_ws/install/setup.ps1'
[27.891s] INFO:colcon.colcon_core.shell:Creating prefix script '/home/cbm/Documents/rover/ros_ws/install/local_setup.sh'
[27.892s] INFO:colcon.colcon_core.shell:Creating prefix util module '/home/cbm/Documents/rover/ros_ws/install/_local_setup_util_sh.py'
[27.894s] INFO:colcon.colcon_core.shell:Creating prefix chain script '/home/cbm/Documents/rover/ros_ws/install/setup.sh'
[27.896s] INFO:colcon.colcon_core.shell:Creating prefix script '/home/cbm/Documents/rover/ros_ws/install/local_setup.bash'
[27.896s] INFO:colcon.colcon_core.shell:Creating prefix chain script '/home/cbm/Documents/rover/ros_ws/install/setup.bash'
[27.898s] INFO:colcon.colcon_core.shell:Creating prefix script '/home/cbm/Documents/rover/ros_ws/install/local_setup.zsh'
[27.899s] INFO:colcon.colcon_core.shell:Creating prefix chain script '/home/cbm/Documents/rover/ros_ws/install/setup.zsh'
