[0.019s] Invoking command in '/home/cbm/Documents/rover/ros_ws/build/vision': DEBUGINFOD_URLS=https://debuginfod.ubuntu.com /usr/bin/cmake --build /home/cbm/Documents/rover/ros_ws/build/vision -- -j8 -l8
[0.058s] -- Found ament_cmake: 2.8.7 (/opt/ros/lyrical/share/ament_cmake/cmake)
[0.363s] -- Found rclcpp: 32.0.0 (/opt/ros/lyrical/share/rclcpp/cmake)
[0.417s] -- Found rosidl_generator_c: 5.2.0 (/opt/ros/lyrical/share/rosidl_generator_c/cmake)
[0.425s] -- Found rosidl_generator_cpp: 5.2.0 (/opt/ros/lyrical/share/rosidl_generator_cpp/cmake)
[0.439s] -- Using all available rosidl_typesupport_c: rosidl_typesupport_fastrtps_c;rosidl_typesupport_introspection_c
[0.452s] -- Using all available rosidl_typesupport_cpp: rosidl_typesupport_fastrtps_cpp;rosidl_typesupport_introspection_cpp
[0.531s] -- Found rmw_implementation_cmake: 7.10.1 (/opt/ros/lyrical/share/rmw_implementation_cmake/cmake)
[0.533s] -- Found rmw_fastrtps_cpp: 9.4.8 (/opt/ros/lyrical/share/rmw_fastrtps_cpp/cmake)
[0.566s] -- Using RMW implementation 'rmw_fastrtps_cpp' as default
[0.654s] -- Found sensor_msgs: 5.9.2 (/opt/ros/lyrical/share/sensor_msgs/cmake)
[0.732s] -- Found cv_bridge: 4.1.0 (/opt/ros/lyrical/share/cv_bridge/cmake)
[0.746s] -- Found image_transport: 6.4.8 (/opt/ros/lyrical/share/image_transport/cmake)
[0.762s] -- Found tf2_ros: 0.45.7 (/opt/ros/lyrical/share/tf2_ros/cmake)
[0.900s] -- Found tf2_geometry_msgs: 0.45.7 (/opt/ros/lyrical/share/tf2_geometry_msgs/cmake)
[0.912s] -- Found ament_lint_auto: 0.20.6 (/opt/ros/lyrical/share/ament_lint_auto/cmake)
[1.057s] -- Added test 'cppcheck' to perform static code analysis on C / C++ code
[1.057s] -- Configured cppcheck include dirs: $<BUILD_INTERFACE:/home/cbm/Documents/rover/ros_ws/src/vision/include>
[1.057s] -- Configured cppcheck exclude dirs and/or files: 
[1.057s] -- Added test 'lint_cmake' to check CMake code style
[1.058s] -- Added test 'uncrustify' to check C / C++ code style
[1.059s] -- Configured uncrustify additional arguments: 
[1.059s] -- Added test 'xmllint' to check XML markup files
[1.060s] -- Configuring done (1.0s)
[1.088s] -- Generating done (0.0s)
[1.151s] -- Build files have been written to: /home/cbm/Documents/rover/ros_ws/build/vision
[1.205s] [ 50%] [32mBuilding CXX object CMakeFiles/aruco.dir/src/aruco.cpp.o[0m
[1.686s] In file included from [01m[K/home/cbm/Documents/rover/ros_ws/src/vision/include/vision/aruco_node.hpp:9[m[K,
[1.687s]                  from [01m[K/home/cbm/Documents/rover/ros_ws/src/vision/src/aruco.cpp:1[m[K:
[1.687s] [01m[K/opt/ros/lyrical/include/tf2_ros/tf2_ros/transform_broadcaster.h:41:4:[m[K [01;35m[Kwarning: [m[K#warning TRANSFORM_BROADCASTER_HEADER_DEPRECATION [[01;35m[K]8;;https://gcc.gnu.org/onlinedocs/gcc-15.2.0/gcc/Warning-Options.html#index-Wcpp-Wcpp]8;;[m[K]
[1.687s]    41 |   #[01;35m[Kwarning[m[K TRANSFORM_BROADCASTER_HEADER_DEPRECATION
[1.687s]       |    [01;35m[K^~~~~~~[m[K
[1.722s] [01m[K/home/cbm/Documents/rover/ros_ws/src/vision/include/vision/aruco_node.hpp:11:10:[m[K [01;31m[Kfatal error: [m[Kmessage_filters/subscriber.h: No such file or directory
[1.722s]    11 | #include [01;31m[K<message_filters/subscriber.h>[m[K
[1.722s]       |          [01;31m[K^~~~~~~~~~~~~~~~~~~~~~~~~~~~~~[m[K
[1.723s] compilation terminated.
[1.729s] gmake[2]: *** [CMakeFiles/aruco.dir/build.make:79: CMakeFiles/aruco.dir/src/aruco.cpp.o] Error 1
[1.730s] gmake[1]: *** [CMakeFiles/Makefile2:153: CMakeFiles/aruco.dir/all] Error 2
[1.730s] gmake: *** [Makefile:146: all] Error 2
[1.734s] Invoked command in '/home/cbm/Documents/rover/ros_ws/build/vision' returned '2': DEBUGINFOD_URLS=https://debuginfod.ubuntu.com /usr/bin/cmake --build /home/cbm/Documents/rover/ros_ws/build/vision -- -j8 -l8
